INFO: Using maximum configured thread group size 30
###INFO: Modified nt from 1000 to 1010 for the intra-diamond method to work properly
Started on Mon Jul 21 10:39:40 2025

******************************************************
Parameters settings
******************************************************
Time stepper name: Diamond
Stencil Kernel name: box
Stencil Kernel semi-bandwidth: 1
Stencil Kernel coefficients: constant
Precision: DP
Global domain    size:1944000000    nx:600    ny:1800    nz:1800
Rank 0 domain    size:1944000000    nx:600    ny:1800    nz:1800
Number of time steps: 1010
Alignment size: 8 Bytes
Number of tests: 1
Verify:   0
Source point enabled: 0
Time unroll:   17
Using separate call to central line update: 0
Halo concatenation: 0
Enable wavefronts: 1
Wavefront parallel strategy: Relaxed synchronization wavefront
Intra-diamond width:   36
Wavefront width:  52
Cache block size/wf (kiB): 12806
Total cache block size (kiB): 128060
Next larger cache block size/wf (kiB): 14972 (diam_width=40)
Intra-diamond prologue/epilogue MStencils: 36936
Multi-wavefront updates: 18
User set thread group size: 6
Thread group size: 6
Threads along z-axis: 6
Threads along y-axis: 1
Threads along x-axis: 1
Threads per cell    : 1
Threads block: 1
Threads stride: 1
OpenMP Threads: 60
Assumed usable cache size: 0KiB
MPI size: 1
Processors topology (npx, npy, npz): 01,01,01
******************************************************
[rank=0] alloc. dom(err=0):29.419363GiB coef(err=0):0.000000GiB total:29.419363GiB

******************************************************
Performance results
******************************************************
Rank 0 TEST#01 time: 4.265072e+01
******************************************************

******************************************************
##WARNING[rank:0]: 1944000000 nan and/or -inf/inf values in the final sub domain solution. This might result in inaccurate performance results
******************************************************

Total memory allocation per MPI rank: 45188 MiB
Total time(s): 4.265072e+01
time/test(s): 4.265072e+01

Total RANK0 MStencil/s MIN: 46035.331660  
Total RANK0 MStencil/s MAX: 46035.331660  
******************************************************
MWD main-loop RANK0 MStencil/s MIN: 46197.956847
MWD main-loop RANK0 MStencil/s MAX: 46197.956847
******************************************************
RANK0 ts main loop:         41.701065 (s) - 97.77%
RANK0 ts prologue/epilogue: 0.947677 (s) - 02.22%
RANK0 ts others:            0.001977 (s) - 00.00%
******************************************************
Metric \ core:                  core 00       core 01       core 02       core 03       core 04       core 05       core 06       core 07       core 08       core 09       core 10       core 11       core 12       core 13       core 14       core 15       core 16       core 17       core 18       core 19       core 20       core 21       core 22       core 23       core 24       core 25       core 26       core 27       core 28       core 29       core 30       core 31       core 32       core 33       core 34       core 35       core 36       core 37       core 38       core 39       core 40       core 41       core 42       core 43       core 44       core 45       core 46       core 47       core 48       core 49       core 50       core 51       core 52       core 53       core 54       core 55       core 56       core 57       core 58       core 59     
Wavefront synchronization [s]:  1.311148e-01  1.269140e-01  4.907597e-01  9.471001e-01  2.146356e+00  3.025667e+00  5.526535e-01  5.286671e-01  6.559937e-01  6.847111e-01  7.094430e-01  6.794622e-01  5.628880e-01  5.257610e-01  6.522016e-01  6.905937e-01  6.525672e-01  6.242916e-01  6.029547e-01  5.245751e-01  6.782314e-01  7.124750e-01  6.774156e-01  6.471332e-01  5.553514e-01  4.885478e-01  6.951371e-01  6.985716e-01  6.509182e-01  5.901950e-01  3.263468e-01  3.604257e-01  7.916463e-01  1.059891e+00  2.331028e+00  3.191369e+00  5.948386e-01  5.582800e-01  6.624890e-01  6.276555e-01  6.901281e-01  6.911777e-01  8.762880e-01  8.491143e-01  9.614708e-01  1.000075e+00  9.982810e-01  6.370597e-01  5.873112e-01  5.418003e-01  6.797834e-01  7.250017e-01  6.644879e-01  6.494006e-01  6.180608e-01  5.376845e-01  7.473097e-01  7.205063e-01  6.414404e-01  6.178592e-01
Wavefront synchronization [%]:  00.31         00.30         01.15         02.22         05.03         07.09         01.30         01.24         01.54         01.61         01.66         01.59         01.32         01.23         01.53         01.62         01.53         01.46         01.41         01.23         01.59         01.67         01.59         01.52         01.30         01.15         01.63         01.64         01.53         01.38         00.77         00.85         01.86         02.49         05.47         07.48         01.39         01.31         01.55         01.47         01.62         01.62         02.05         01.99         02.25         02.34         02.34         01.49         01.38         01.27         01.59         01.70         01.56         01.52         01.45         01.26         01.75         01.69         01.50         01.45       

Metric \ thread group:       group 00      group 01      group 02      group 03      group 04      group 05      group 06      group 07      group 08      group 09    
Wavefront steady state [s]:  4.152259e+01  4.151027e+01  4.154893e+01  4.149078e+01  4.154803e+01  4.150633e+01  4.141139e+01  4.151499e+01  4.150149e+01  4.140319e+01
Wavefront steady state [%]:  97.36         97.33         97.42         97.28         97.42         97.32         97.10         97.34         97.31         97.08       
Wavefront startup/end [s]:   1.078441e+00  1.038953e+00  1.046608e+00  1.020357e+00  1.042008e+00  1.072210e+00  1.044169e+00  1.027267e+00  1.073243e+00  1.073448e+00
Wavefront startup/end [%]:   02.53         02.44         02.45         02.39         02.44         02.51         02.45         02.41         02.52         02.52       
Wavefront communication [s]:  3.496942e-05  3.679690e-05  3.436371e-05  3.473647e-05  3.336289e-05  5.405338e-05  5.786226e-05  4.815252e-05  5.190412e-05  5.071564e-05
Wavefront communication [%]:  00.00         00.00         00.00         00.00         00.00         00.00         00.00         00.00         00.00         00.00       
Wavefront others [s]:        4.767679e-02  9.948455e-02  5.317159e-02  1.375691e-01  5.866714e-02  7.014941e-02  1.931210e-01  1.064396e-01  7.395247e-02  1.720552e-01
Wavefront others [%]:        00.11         00.23         00.12         00.32         00.14         00.16         00.45         00.25         00.17         00.40       
Group spin-wait [s]:         4.896545e-06  5.867332e-06  1.005293e-05  6.381888e-06  5.260925e-06  8.361763e-06  5.466747e-06  6.032409e-06  5.536713e-06  5.502836e-06
Group spin-wait [%]:         00.00         00.00         00.00         00.00         00.00         00.00         00.00         00.00         00.00         00.00       
Resolved diamonds:           2.660000e+02  2.780000e+02  2.780000e+02  2.775000e+02  2.775000e+02  2.650000e+02  2.775000e+02  2.760000e+02  2.780000e+02  2.765000e+02
******************************************************
COMPLETED SUCCESSFULLY on Mon Jul 21 10:40:25 2025
